// Jest Snapshot v1, https://goo.gl/fbAQLP

exports[`MovieInfo test snapshoot 1`] = `
<div
  className="movie-card__wrap movie-card__translate-top"
>
  <div
    className="movie-card__info"
  >
    <div
      className="movie-card__poster movie-card__poster--big"
    >
      <img
        alt="The Grand Budapest Hotel poster"
        height="327"
        src="img/bohemian-rhapsody.jpg"
        width="218"
      />
    </div>
    <div
      className="movie-card__desc"
    >
      <nav
        className="movie-nav movie-card__nav"
      >
        <ul
          className="movie-nav__list"
        >
          <li
            className="movie-nav__item movie-nav__item--active"
          >
            <a
              className="movie-nav__link"
              href="#"
            >
              Overview
            </a>
          </li>
          <li
            className="movie-nav__item"
          >
            <a
              className="movie-nav__link"
              href="#"
            >
              Details
            </a>
          </li>
          <li
            className="movie-nav__item"
          >
            <a
              className="movie-nav__link"
              href="#"
            >
              Reviews
            </a>
          </li>
        </ul>
      </nav>
      <div
        className="movie-rating"
      >
        <div
          className="movie-rating__score"
        >
          8.2
        </div>
        <p
          className="movie-rating__meta"
        >
          <span
            className="movie-rating__level"
          >
            Very good
          </span>
          <span
            className="movie-rating__count"
          >
            240 ratings
          </span>
        </p>
      </div>
      <div
        className="movie-card__text"
      >
        <p>
          In the 1930s, the Grand Budapest Hotel is a popular European ski resort, 
    presided over by concierge Gustave H. (Ralph Fiennes). Zero, a junior lobby boy, becomes Gustave's 
    friend and protege.
        </p>
        <p
          className="movie-card__director"
        >
          <strong>
            Director: 
            Wes Andreson
          </strong>
        </p>
        <p
          className="movie-card__starring"
        >
          <strong>
            Starring: 
            Bill Murray, Edward Norton, Jude Law, Willem Dafoe and other
          </strong>
        </p>
      </div>
    </div>
  </div>
</div>
`;
