// Jest Snapshot v1, https://goo.gl/fbAQLP

exports[`CardFilmList snapshot test 1`] = `
<div
  className="catalog__movies-list"
>
  <article
    className="small-movie-card catalog__movies-card"
    onClick={[Function]}
    onMouseEnter={[Function]}
  >
    <div
      className="small-movie-card__image"
    >
      <img
        alt="Fantastic Beasts: The Crimes of Grindelwald"
        height={175}
        src="img/bohemian-rhapsody.jpg"
        width={280}
      />
    </div>
    <h3
      className="small-movie-card__title"
    >
      <a
        className="small-movie-card__link"
        href="movie-page.html"
      >
        Fantastic Beasts
      </a>
    </h3>
  </article>
  <article
    className="small-movie-card catalog__movies-card"
    onClick={[Function]}
    onMouseEnter={[Function]}
  >
    <div
      className="small-movie-card__image"
    >
      <img
        alt="Fantastic Beasts: The Crimes of Grindelwald"
        height={175}
        src="img/aviator.jpg"
        width={280}
      />
    </div>
    <h3
      className="small-movie-card__title"
    >
      <a
        className="small-movie-card__link"
        href="movie-page.html"
      >
        Bohemian Rhapsody
      </a>
    </h3>
  </article>
  <article
    className="small-movie-card catalog__movies-card"
    onClick={[Function]}
    onMouseEnter={[Function]}
  >
    <div
      className="small-movie-card__image"
    >
      <img
        alt="Fantastic Beasts: The Crimes of Grindelwald"
        height={175}
        src="img/revenant.jpg"
        width={280}
      />
    </div>
    <h3
      className="small-movie-card__title"
    >
      <a
        className="small-movie-card__link"
        href="movie-page.html"
      >
        Macbeth
      </a>
    </h3>
  </article>
</div>
`;
